Warning 1 of 8:

  in module [33mMain[0m
  at tests/purs/warning/DuplicateImportRef.purs:11:1 - 16:4 (line 11, column 1 - line 16, column 4)

    Import list contains multiple references to type [33mUnit[0m


  See https://github.com/purescript/documentation/blob/master/errors/DuplicateImportRef.md for more information,
  or to contribute content related to this warning.

Warning 2 of 8:

  in module [33mMain[0m
  at tests/purs/warning/DuplicateImportRef.purs:11:1 - 16:4 (line 11, column 1 - line 16, column 4)

    Import list contains multiple references to type [33mUnit[0m


  See https://github.com/purescript/documentation/blob/master/errors/DuplicateImportRef.md for more information,
  or to contribute content related to this warning.

Warning 3 of 8:

  in module [33mMain[0m
  at tests/purs/warning/DuplicateImportRef.purs:11:1 - 16:4 (line 11, column 1 - line 16, column 4)

    Import list contains multiple references to value [33munit[0m


  See https://github.com/purescript/documentation/blob/master/errors/DuplicateImportRef.md for more information,
  or to contribute content related to this warning.

Warning 4 of 8:

  in module [33mMain[0m
  at tests/purs/warning/DuplicateImportRef.purs:11:1 - 16:4 (line 11, column 1 - line 16, column 4)

    Import list contains multiple references to value [33munit[0m


  See https://github.com/purescript/documentation/blob/master/errors/DuplicateImportRef.md for more information,
  or to contribute content related to this warning.

Warning 5 of 8:

  in module [33mMain[0m
  at tests/purs/warning/DuplicateImportRef.purs:11:1 - 16:4 (line 11, column 1 - line 16, column 4)

    Import list contains multiple references to operator [33m(<>)[0m


  See https://github.com/purescript/documentation/blob/master/errors/DuplicateImportRef.md for more information,
  or to contribute content related to this warning.

Warning 6 of 8:

  in module [33mMain[0m
  at tests/purs/warning/DuplicateImportRef.purs:11:1 - 16:4 (line 11, column 1 - line 16, column 4)

    Import list contains multiple references to operator [33m(<>)[0m


  See https://github.com/purescript/documentation/blob/master/errors/DuplicateImportRef.md for more information,
  or to contribute content related to this warning.

Warning 7 of 8:

  in module [33mMain[0m
  at tests/purs/warning/DuplicateImportRef.purs:11:1 - 16:4 (line 11, column 1 - line 16, column 4)

    Import list contains multiple references to type class [33mFunctor[0m


  See https://github.com/purescript/documentation/blob/master/errors/DuplicateImportRef.md for more information,
  or to contribute content related to this warning.

Warning 8 of 8:

  in module [33mMain[0m
  at tests/purs/warning/DuplicateImportRef.purs:11:1 - 16:4 (line 11, column 1 - line 16, column 4)

    Import list contains multiple references to type class [33mFunctor[0m


  See https://github.com/purescript/documentation/blob/master/errors/DuplicateImportRef.md for more information,
  or to contribute content related to this warning.

