Warning 1 of 13:

  in module [33mMain[0m
  at tests/purs/warning/DuplicateExportRef.purs:14:1 - 36:28 (line 14, column 1 - line 36, column 28)

    Export list contains multiple references to type [33mX[0m


  See https://github.com/purescript/documentation/blob/master/errors/DuplicateExportRef.md for more information,
  or to contribute content related to this warning.

Warning 2 of 13:

  in module [33mMain[0m
  at tests/purs/warning/DuplicateExportRef.purs:14:1 - 36:28 (line 14, column 1 - line 36, column 28)

    Export list contains multiple references to type [33mX[0m


  See https://github.com/purescript/documentation/blob/master/errors/DuplicateExportRef.md for more information,
  or to contribute content related to this warning.

Warning 3 of 13:

  in module [33mMain[0m
  at tests/purs/warning/DuplicateExportRef.purs:14:1 - 36:28 (line 14, column 1 - line 36, column 28)

    Export list contains multiple references to type operator [33m(~>)[0m


  See https://github.com/purescript/documentation/blob/master/errors/DuplicateExportRef.md for more information,
  or to contribute content related to this warning.

Warning 4 of 13:

  in module [33mMain[0m
  at tests/purs/warning/DuplicateExportRef.purs:14:1 - 36:28 (line 14, column 1 - line 36, column 28)

    Export list contains multiple references to type operator [33m(~>)[0m


  See https://github.com/purescript/documentation/blob/master/errors/DuplicateExportRef.md for more information,
  or to contribute content related to this warning.

Warning 5 of 13:

  in module [33mMain[0m
  at tests/purs/warning/DuplicateExportRef.purs:14:1 - 36:28 (line 14, column 1 - line 36, column 28)

    Export list contains multiple references to value [33mfn[0m


  See https://github.com/purescript/documentation/blob/master/errors/DuplicateExportRef.md for more information,
  or to contribute content related to this warning.

Warning 6 of 13:

  in module [33mMain[0m
  at tests/purs/warning/DuplicateExportRef.purs:14:1 - 36:28 (line 14, column 1 - line 36, column 28)

    Export list contains multiple references to value [33mfn[0m


  See https://github.com/purescript/documentation/blob/master/errors/DuplicateExportRef.md for more information,
  or to contribute content related to this warning.

Warning 7 of 13:

  in module [33mMain[0m
  at tests/purs/warning/DuplicateExportRef.purs:14:1 - 36:28 (line 14, column 1 - line 36, column 28)

    Export list contains multiple references to operator [33m(!)[0m


  See https://github.com/purescript/documentation/blob/master/errors/DuplicateExportRef.md for more information,
  or to contribute content related to this warning.

Warning 8 of 13:

  in module [33mMain[0m
  at tests/purs/warning/DuplicateExportRef.purs:14:1 - 36:28 (line 14, column 1 - line 36, column 28)

    Export list contains multiple references to operator [33m(!)[0m


  See https://github.com/purescript/documentation/blob/master/errors/DuplicateExportRef.md for more information,
  or to contribute content related to this warning.

Warning 9 of 13:

  in module [33mMain[0m
  at tests/purs/warning/DuplicateExportRef.purs:14:1 - 36:28 (line 14, column 1 - line 36, column 28)

    Export list contains multiple references to type class [33mY[0m


  See https://github.com/purescript/documentation/blob/master/errors/DuplicateExportRef.md for more information,
  or to contribute content related to this warning.

Warning 10 of 13:

  in module [33mMain[0m
  at tests/purs/warning/DuplicateExportRef.purs:14:1 - 36:28 (line 14, column 1 - line 36, column 28)

    Export list contains multiple references to type class [33mY[0m


  See https://github.com/purescript/documentation/blob/master/errors/DuplicateExportRef.md for more information,
  or to contribute content related to this warning.

Warning 11 of 13:

  in module [33mMain[0m
  at tests/purs/warning/DuplicateExportRef.purs:14:1 - 36:28 (line 14, column 1 - line 36, column 28)

    Export list contains multiple references to module [33mPrelude[0m


  See https://github.com/purescript/documentation/blob/master/errors/DuplicateExportRef.md for more information,
  or to contribute content related to this warning.

Warning 12 of 13:

  in module [33mMain[0m
  at tests/purs/warning/DuplicateExportRef.purs:14:1 - 36:28 (line 14, column 1 - line 36, column 28)

    Export list contains multiple references to module [33mPrelude[0m


  See https://github.com/purescript/documentation/blob/master/errors/DuplicateExportRef.md for more information,
  or to contribute content related to this warning.

Warning 13 of 13:

  in module [33mMain[0m
  at tests/purs/warning/DuplicateExportRef.purs:14:1 - 36:28 (line 14, column 1 - line 36, column 28)

    Export list contains multiple references to data constructor [33mX[0m


  See https://github.com/purescript/documentation/blob/master/errors/DuplicateExportRef.md for more information,
  or to contribute content related to this warning.

